I'm sorry, but errors were detected in your script. Please correct the
errors listed below, and try again.


File "game/input_handler.rpy", line 1: expected statement.
    class CustomInputHandler(renpy.python.InputHandler):
                            ^

Ren'Py Version: Ren'Py 8.0.3.22090809
Fri May 12 01:34:21 2023
